
> zedin-gaming-hosting@1.0.0 build
> next build && node scripts/copy-public-to-standalone.js

  Ôľ▓ Next.js 14.2.33
  - Environments: .env.local

   Creating an optimized production build ...
node.exe :  ÔÜá Compiled with warnings
At line:1 char:1
+ & "C:\Program Files\nodejs/node.exe" "C:\Program Files\nodejs/node_mo ...
+ ~~~~~~~~~~~~~~~~~~~~~~~~~~~~~~~~~~~~~~~~~~~~~~~~~~~~~~~~~~~~~~~~~~~~~
    + CategoryInfo          : NotSpecified: ( ÔÜá Compiled with warnings:String) [], RemoteException
    + FullyQualifiedErrorId : NativeCommandError
 

./lib/push-notifications.ts
Critical dependency: the request of a dependency is an expression

Import trace for requested module:
./lib/push-notifications.ts
./app/api/servers/[id]/[action]/route.ts

   Linting and checking validity of types ...
Failed to compile.

./app/api/servers/[id]/players/route.ts:51:71
Type error: Expected 1-2 arguments, but got 3.

[0m [90m 49 |[39m[0m
[0m [90m 50 |[39m     [36mif[39m (action [33m===[39m [32m'leaderboard'[39m) {[0m
[0m[31m[1m>[22m[39m[90m 51 |[39m       [36mconst[39m leaderboard [33m=[39m [36mawait[39m
 getLeaderboard(serverId[33m,[39m type [36mas[39m any[33m,[39m limit)[33m;[39m[0m
[0m [90m    |[39m                                                                       [31m[1m^
[22m[39m[0m
[0m [90m 52 |[39m       [36mreturn[39m [33mNextResponse[39m[33m.[39mjson({[0m
[0m [90m 53 |[39m         success[33m:[39m [36mtrue[39m[33m,[39m[0m
[0m [90m 54 |[39m         data[33m:[39m {[0m
Next.js build worker exited with code: 1 and signal: null
