
> zedin-gaming-hosting@1.0.0 build
> next build && node scripts/copy-public-to-standalone.js

  Ôľ▓ Next.js 14.2.33
  - Environments: .env.local

   Creating an optimized production build ...
node.exe :  ÔÜá Compiled with warnings
At line:1 char:1
+ & "C:\Program Files\nodejs/node.exe" "C:\Program Files\nodejs/node_mo ...
+ ~~~~~~~~~~~~~~~~~~~~~~~~~~~~~~~~~~~~~~~~~~~~~~~~~~~~~~~~~~~~~~~~~~~~~
    + CategoryInfo          : NotSpecified: ( ÔÜá Compiled with warnings:String) [], RemoteException
    + FullyQualifiedErrorId : NativeCommandError
 

./lib/push-notifications.ts
Critical dependency: the request of a dependency is an expression

Import trace for requested module:
./lib/push-notifications.ts
./app/api/servers/[id]/[action]/route.ts

   Linting and checking validity of types ...
Failed to compile.

./lib/ark-health-monitor.ts:52:33
Type error: Property 'gameServer' does not exist on type 'PrismaClient<PrismaClientOptions, never, De
faultArgs>'.

[0m [90m 50 |[39m[0m
[0m [90m 51 |[39m     [90m// Get server config for thresholds[39m[0m
[0m[31m[1m>[22m[39m[90m 52 |[39m     [36mconst[39m server [33m=[39m [36mawait[39m prisma
[33m.[39mgameServer[33m.[39mfindUnique({[0m
[0m [90m    |[39m                                 [31m[1m^[22m[39m[0m
[0m [90m 53 |[39m       where[33m:[39m { id[33m:[39m serverId }[33m,[39m[0m
[0m [90m 54 |[39m       select[33m:[39m { config[33m:[39m [36mtrue[39m }[33m,[39m[0m
[0m [90m 55 |[39m     })[33m;[39m[0m
Next.js build worker exited with code: 1 and signal: null
